[INFO] Scanning for projects...
[INFO] 
[INFO] -----------------------< com.man3:man3-crawler >------------------------
[INFO] Building man3-crawler 1.0.0
[INFO]   from pom.xml
[INFO] --------------------------------[ jar ]---------------------------------
[INFO] 
[INFO] >>> spring-boot:2.7.18:run (default-cli) > test-compile @ man3-crawler >>>
[INFO] 
[INFO] --- resources:3.2.0:resources (default-resources) @ man3-crawler ---
[INFO] Using 'UTF-8' encoding to copy filtered resources.
[INFO] Using 'UTF-8' encoding to copy filtered properties files.
[INFO] Copying 1 resource
[INFO] Copying 0 resource
[INFO] 
[INFO] --- compiler:3.10.1:compile (default-compile) @ man3-crawler ---
[INFO] Changes detected - recompiling the module!
[INFO] Compiling 18 source files to d:\AIcode\Man3\target\classes
[INFO] 
[INFO] --- resources:3.2.0:testResources (default-testResources) @ man3-crawler ---
[INFO] Using 'UTF-8' encoding to copy filtered resources.
[INFO] Using 'UTF-8' encoding to copy filtered properties files.
[INFO] skip non existing resourceDirectory d:\AIcode\Man3\src\test\resources
[INFO] 
[INFO] --- compiler:3.10.1:testCompile (default-testCompile) @ man3-crawler ---
[INFO] No sources to compile
[INFO] 
[INFO] <<< spring-boot:2.7.18:run (default-cli) < test-compile @ man3-crawler <<<
[INFO] 
[INFO] 
[INFO] --- spring-boot:2.7.18:run (default-cli) @ man3-crawler ---
[INFO] Attaching agents: []

  .   ____          _            __ _ _
 /\\ / ___'_ __ _ _(_)_ __  __ _ \ \ \ \
( ( )\___ | '_ | '_| | '_ \/ _` | \ \ \ \
 \\/  ___)| |_)| | | | | || (_| |  ) ) ) )
  '  |____| .__|_| |_|_| |_\__, | / / / /
 =========|_|==============|___/=/_/_/_/
 :: Spring Boot ::               (v2.7.18)

2026-08-15 00:42:53.802  INFO 25768 --- [           main] com.man3.Man3Application                 : Starting Man3Application using Java 1.8.0_144 on 百万富翁 with PID 25768 (D:\AIcode\Man3\target\classes started by zengyaofeng in d:\AIcode\Man3)
2026-08-15 00:42:53.804  INFO 25768 --- [           main] com.man3.Man3Application                 : No active profile set, falling back to 1 default profile: "default"
2026-08-15 00:42:54.658  INFO 25768 --- [           main] o.s.b.w.embedded.tomcat.TomcatWebServer  : Tomcat initialized with port(s): 8080 (http)
2026-08-15 00:42:54.665  INFO 25768 --- [           main] o.apache.catalina.core.StandardService   : Starting service [Tomcat]
2026-08-15 00:42:54.665  INFO 25768 --- [           main] org.apache.catalina.core.StandardEngine  : Starting Servlet engine: [Apache Tomcat/9.0.83]
2026-08-15 00:42:54.737  INFO 25768 --- [           main] o.a.c.c.C.[Tomcat].[localhost].[/]       : Initializing Spring embedded WebApplicationContext
2026-08-15 00:42:54.737  INFO 25768 --- [           main] w.s.c.ServletWebServerApplicationContext : Root WebApplicationContext: initialization completed in 904 ms
 _ _   |_  _ _|_. ___ _ |    _ 
| | |\/|_)(_| | |_\  |_)||_|_\ 
     /               |         
                        3.5.3.2 
2026-08-15 00:42:55.430  INFO 25768 --- [           main] o.s.b.w.embedded.tomcat.TomcatWebServer  : Tomcat started on port(s): 8080 (http) with context path ''
2026-08-15 00:42:55.441  INFO 25768 --- [           main] com.man3.Man3Application                 : Started Man3Application in 1.94 seconds (JVM running for 2.158)
2026-08-15 00:43:07.608  INFO 25768 --- [nio-8080-exec-1] o.a.c.c.C.[Tomcat].[localhost].[/]       : Initializing Spring DispatcherServlet 'dispatcherServlet'
2026-08-15 00:43:07.611  INFO 25768 --- [nio-8080-exec-1] o.s.web.servlet.DispatcherServlet        : Initializing Servlet 'dispatcherServlet'
2026-08-15 00:43:07.612  INFO 25768 --- [nio-8080-exec-1] o.s.web.servlet.DispatcherServlet        : Completed initialization in 1 ms
2026-08-15 00:43:07.637  INFO 25768 --- [nio-8080-exec-1] com.man3.controller.CrawlController      : 收到详情爬取任务, limit=2
2026-08-15 00:43:07.684  INFO 25768 --- [nio-8080-exec-1] com.zaxxer.hikari.HikariDataSource       : HikariPool-1 - Starting...
2026-08-15 00:43:07.771  INFO 25768 --- [nio-8080-exec-1] com.zaxxer.hikari.HikariDataSource       : HikariPool-1 - Start completed.
2026-08-15 00:43:07.829  INFO 25768 --- [nio-8080-exec-1] c.m.u.c.ikanmh.IkanmhDetailCrawler       : 待爬详情漫画数量: 1218, 本次执行: 2
2026-08-15 00:43:12.997  INFO 25768 --- [nio-8080-exec-1] c.man3.service.impl.ChapterServiceImpl   : 同步章节完成 bookId=1, 新增7条, 更新0条
2026-08-15 00:43:13.002  INFO 25768 --- [nio-8080-exec-1] c.m.u.c.ikanmh.IkanmhDetailCrawler       : 漫画[衣冠禽獸]详情+7个章节完成
2026-08-15 00:43:17.802  INFO 25768 --- [nio-8080-exec-1] c.man3.service.impl.ChapterServiceImpl   : 同步章节完成 bookId=2, 新增5条, 更新0条
2026-08-15 00:43:17.807  INFO 25768 --- [nio-8080-exec-1] c.m.u.c.ikanmh.IkanmhDetailCrawler       : 漫画[客製化誘惑]详情+5个章节完成
2026-08-15 00:43:19.312  INFO 25768 --- [nio-8080-exec-1] c.m.u.c.ikanmh.IkanmhDetailCrawler       : ===== 详情爬取结束, 成功2条, 失败0条 =====
2026-08-15 00:43:39.142  INFO 25768 --- [io-8080-exec-10] com.man3.controller.CrawlController      : 收到列表爬取任务
2026-08-15 00:43:41.421  INFO 25768 --- [io-8080-exec-10] c.m.u.crawler.ikanmh.IkanmhListCrawler   : 列表页第1页完成, 本页28条, 累计28条
2026-08-15 00:43:47.049  INFO 25768 --- [io-8080-exec-10] c.m.u.crawler.ikanmh.IkanmhListCrawler   : 列表页第2页完成, 本页28条, 累计56条
2026-08-15 00:43:50.103  INFO 25768 --- [io-8080-exec-10] c.m.u.crawler.ikanmh.IkanmhListCrawler   : 列表页第3页完成, 本页28条, 累计84条
2026-08-15 00:43:53.290  INFO 25768 --- [io-8080-exec-10] c.m.u.crawler.ikanmh.IkanmhListCrawler   : 列表页第4页完成, 本页28条, 累计112条
2026-08-15 00:43:57.379  INFO 25768 --- [io-8080-exec-10] c.m.u.crawler.ikanmh.IkanmhListCrawler   : 列表页第5页完成, 本页28条, 累计140条
2026-08-15 00:44:00.303  INFO 25768 --- [io-8080-exec-10] c.m.u.crawler.ikanmh.IkanmhListCrawler   : 列表页第6页完成, 本页28条, 累计168条
2026-08-15 00:44:04.235  INFO 25768 --- [io-8080-exec-10] c.m.u.crawler.ikanmh.IkanmhListCrawler   : 列表页第7页完成, 本页28条, 累计196条
2026-08-15 00:44:09.100  INFO 25768 --- [io-8080-exec-10] c.m.u.crawler.ikanmh.IkanmhListCrawler   : 列表页第8页完成, 本页28条, 累计224条
2026-08-15 00:44:13.007  INFO 25768 --- [io-8080-exec-10] c.m.u.crawler.ikanmh.IkanmhListCrawler   : 列表页第9页完成, 本页28条, 累计252条
2026-08-15 00:44:16.187  INFO 25768 --- [io-8080-exec-10] c.m.u.crawler.ikanmh.IkanmhListCrawler   : 列表页第10页完成, 本页28条, 累计280条
2026-08-15 00:44:19.213  INFO 25768 --- [io-8080-exec-10] c.m.u.crawler.ikanmh.IkanmhListCrawler   : 列表页第11页完成, 本页28条, 累计308条
2026-08-15 00:44:22.682  INFO 25768 --- [io-8080-exec-10] c.m.u.crawler.ikanmh.IkanmhListCrawler   : 列表页第12页完成, 本页28条, 累计336条
2026-08-15 00:44:25.687  INFO 25768 --- [io-8080-exec-10] c.m.u.crawler.ikanmh.IkanmhListCrawler   : 列表页第13页完成, 本页28条, 累计364条
2026-08-15 00:44:28.715  INFO 25768 --- [io-8080-exec-10] c.m.u.crawler.ikanmh.IkanmhListCrawler   : 列表页第14页完成, 本页28条, 累计392条
2026-08-15 00:44:31.609  INFO 25768 --- [io-8080-exec-10] c.m.u.crawler.ikanmh.IkanmhListCrawler   : 列表页第15页完成, 本页28条, 累计420条
2026-08-15 00:44:35.060  INFO 25768 --- [io-8080-exec-10] c.m.u.crawler.ikanmh.IkanmhListCrawler   : 列表页第16页完成, 本页28条, 累计448条
2026-08-15 00:44:38.095  INFO 25768 --- [io-8080-exec-10] c.m.u.crawler.ikanmh.IkanmhListCrawler   : 列表页第17页完成, 本页28条, 累计476条
2026-08-15 00:44:40.767  INFO 25768 --- [io-8080-exec-10] c.m.u.crawler.ikanmh.IkanmhListCrawler   : 列表页第18页完成, 本页28条, 累计504条
2026-08-15 00:44:43.946  INFO 25768 --- [io-8080-exec-10] c.m.u.crawler.ikanmh.IkanmhListCrawler   : 列表页第19页完成, 本页28条, 累计532条
2026-08-15 00:44:47.906  INFO 25768 --- [io-8080-exec-10] c.m.u.crawler.ikanmh.IkanmhListCrawler   : 列表页第20页完成, 本页28条, 累计560条
2026-08-15 00:44:53.434  INFO 25768 --- [io-8080-exec-10] c.m.u.crawler.ikanmh.IkanmhListCrawler   : 列表页第21页完成, 本页28条, 累计588条
2026-08-15 00:44:56.669  INFO 25768 --- [io-8080-exec-10] c.m.u.crawler.ikanmh.IkanmhListCrawler   : 列表页第22页完成, 本页28条, 累计616条
2026-08-15 00:44:59.346  INFO 25768 --- [io-8080-exec-10] c.m.u.crawler.ikanmh.IkanmhListCrawler   : 列表页第23页完成, 本页28条, 累计644条
2026-08-15 00:45:02.425  INFO 25768 --- [io-8080-exec-10] c.m.u.crawler.ikanmh.IkanmhListCrawler   : 列表页第24页完成, 本页28条, 累计672条
2026-08-15 00:45:05.819  INFO 25768 --- [io-8080-exec-10] c.m.u.crawler.ikanmh.IkanmhListCrawler   : 列表页第25页完成, 本页28条, 累计700条
2026-08-15 00:45:09.145  INFO 25768 --- [io-8080-exec-10] c.m.u.crawler.ikanmh.IkanmhListCrawler   : 列表页第26页完成, 本页28条, 累计728条
2026-08-15 00:45:12.096  INFO 25768 --- [io-8080-exec-10] c.m.u.crawler.ikanmh.IkanmhListCrawler   : 列表页第27页完成, 本页28条, 累计756条
2026-08-15 00:45:14.963  INFO 25768 --- [io-8080-exec-10] c.m.u.crawler.ikanmh.IkanmhListCrawler   : 列表页第28页完成, 本页28条, 累计784条
2026-08-15 00:45:17.706  INFO 25768 --- [io-8080-exec-10] c.m.u.crawler.ikanmh.IkanmhListCrawler   : 列表页第29页完成, 本页28条, 累计812条
2026-08-15 00:45:20.704  INFO 25768 --- [io-8080-exec-10] c.m.u.crawler.ikanmh.IkanmhListCrawler   : 列表页第30页完成, 本页28条, 累计840条
2026-08-15 00:45:23.755  INFO 25768 --- [io-8080-exec-10] c.m.u.crawler.ikanmh.IkanmhListCrawler   : 列表页第31页完成, 本页28条, 累计868条
2026-08-15 00:45:26.071  INFO 25768 --- [io-8080-exec-10] c.m.u.crawler.ikanmh.IkanmhListCrawler   : 列表页第32页完成, 本页28条, 累计896条
2026-08-15 00:45:29.300  INFO 25768 --- [io-8080-exec-10] c.m.u.crawler.ikanmh.IkanmhListCrawler   : 列表页第33页完成, 本页28条, 累计924条
2026-08-15 00:45:32.317  INFO 25768 --- [io-8080-exec-10] c.m.u.crawler.ikanmh.IkanmhListCrawler   : 列表页第34页完成, 本页28条, 累计952条
2026-08-15 00:45:34.929  INFO 25768 --- [io-8080-exec-10] c.m.u.crawler.ikanmh.IkanmhListCrawler   : 列表页第35页完成, 本页28条, 累计980条
2026-08-15 00:45:38.102  INFO 25768 --- [io-8080-exec-10] c.m.u.crawler.ikanmh.IkanmhListCrawler   : 列表页第36页完成, 本页28条, 累计1008条
2026-08-15 00:45:41.350  INFO 25768 --- [io-8080-exec-10] c.m.u.crawler.ikanmh.IkanmhListCrawler   : 列表页第37页完成, 本页28条, 累计1036条
2026-08-15 00:45:47.788  INFO 25768 --- [io-8080-exec-10] c.m.u.crawler.ikanmh.IkanmhListCrawler   : 列表页第38页完成, 本页28条, 累计1064条
2026-08-15 00:45:51.093  INFO 25768 --- [io-8080-exec-10] c.m.u.crawler.ikanmh.IkanmhListCrawler   : 列表页第39页完成, 本页28条, 累计1092条
2026-08-15 00:45:53.876  INFO 25768 --- [io-8080-exec-10] c.m.u.crawler.ikanmh.IkanmhListCrawler   : 列表页第40页完成, 本页28条, 累计1120条
2026-08-15 00:45:56.769  INFO 25768 --- [io-8080-exec-10] c.m.u.crawler.ikanmh.IkanmhListCrawler   : 列表页第41页完成, 本页28条, 累计1148条
2026-08-15 00:45:59.460  INFO 25768 --- [io-8080-exec-10] c.m.u.crawler.ikanmh.IkanmhListCrawler   : 列表页第42页完成, 本页28条, 累计1176条
2026-08-15 00:46:04.636  INFO 25768 --- [io-8080-exec-10] c.m.u.crawler.ikanmh.IkanmhListCrawler   : 列表页第43页完成, 本页28条, 累计1204条
2026-08-15 00:46:07.284  INFO 25768 --- [io-8080-exec-10] c.m.u.crawler.ikanmh.IkanmhListCrawler   : 列表页第44页完成, 本页14条, 累计1218条
2026-08-15 00:46:07.284  INFO 25768 --- [io-8080-exec-10] c.m.u.crawler.ikanmh.IkanmhListCrawler   : ===== 列表爬取结束, 共处理 1218 条 =====
